BiomeDef.cpp
BlockArea.cpp
BlockID.cpp
BlockInfo.cpp
BlockTypeRegistry.cpp
BrewingRecipes.cpp
Broadcaster.cpp
BoundingBox.cpp
ByteBuffer.cpp
ChatColor.cpp
Chunk.cpp
ChunkData.cpp
ChunkMap.cpp
ChunkSender.cpp
ChunkStay.cpp
ClientHandle.cpp
Color.cpp
CommandOutput.cpp
CompositeChat.cpp
CraftingRecipes.cpp
Cuboid.cpp
DeadlockDetect.cpp
Enchantments.cpp
FastRandom.cpp
FurnaceRecipe.cpp
Globals.cpp
IniFile.cpp
Inventory.cpp
Item.cpp
ItemGrid.cpp
LightingThread.cpp
LineBlockTracer.cpp
LinearInterpolation.cpp
LoggerListeners.cpp
Logger.cpp
Map.cpp
MapManager.cpp
MemorySettingsRepository.cpp
MobCensus.cpp
MobFamilyCollecter.cpp
MobProximityCounter.cpp
MobSpawner.cpp
MonsterConfig.cpp
NetherPortalScanner.cpp
OverridesSettingsRepository.cpp
ProbabDistrib.cpp
RankManager.cpp
RCONServer.cpp
Root.cpp
Scoreboard.cpp
Server.cpp
SetChunkData.cpp
SpawnPrepare.cpp
Statistics.cpp
StringCompression.cpp
StringUtils.cpp
Tracer.cpp
UUID.cpp
VoronoiMap.cpp
WebAdmin.cpp
World.cpp
main.cpp
AllocationPool.h
BiomeDef.h
BlockArea.h
BlockID.h
BlockInServerPluginInterface.h
BlockInfo.h
BlockTracer.h
BlockTypeRegistry.h
BrewingRecipes.h
BoundingBox.h
BuildInfo.h.cmake
ByteBuffer.h
ChatColor.h
Chunk.h
ChunkData.h
ChunkDataCallback.h
ChunkDef.h
ChunkMap.h
ChunkSender.h
ChunkStay.h
ClientHandle.h
Color.h
CommandOutput.h
CompositeChat.h
CraftingRecipes.h
Cuboid.h
DeadlockDetect.h
Defines.h
EffectID.h
Enchantments.h
Endianness.h
FastRandom.h
ForEachChunkProvider.h
FurnaceRecipe.h
FunctionRef.h
Globals.h
IniFile.h
Inventory.h
Item.h
ItemGrid.h
LazyArray.h
LightingThread.h
LineBlockTracer.h
LinearInterpolation.h
LinearUpscale.h
Logger.h
LoggerListeners.h
LoggerSimple.h
Map.h
MapManager.h
Matrix4.h
MemorySettingsRepository.h
MobCensus.h
MobFamilyCollecter.h
MobProximityCounter.h
MobSpawner.h
MonsterConfig.h
NetherPortalScanner.h
OpaqueWorld.h
OverridesSettingsRepository.h
ProbabDistrib.h
RankManager.h
RCONServer.h
Root.h
Scoreboard.h
Server.h
SetChunkData.h
SettingsRepositoryInterface.h
SpawnPrepare.h
Statistics.h
Stopwatch.h
StringCompression.h
StringUtils.h
Tracer.h
UUID.h
Vector3.h
VoronoiMap.h
WebAdmin.h
World.h
XMLParser.h
OSSupport/CriticalSection.cpp
OSSupport/Errors.cpp
OSSupport/Event.cpp
OSSupport/File.cpp
OSSupport/GZipFile.cpp
OSSupport/HostnameLookup.cpp
OSSupport/IPLookup.cpp
OSSupport/IsThread.cpp
OSSupport/NetworkInterfaceEnum.cpp
OSSupport/NetworkLookup.cpp
OSSupport/NetworkSingleton.cpp
OSSupport/ServerHandleImpl.cpp
OSSupport/StackTrace.cpp
OSSupport/TCPLinkImpl.cpp
OSSupport/UDPEndpointImpl.cpp
OSSupport/WinStackWalker.cpp
OSSupport/CriticalSection.h
OSSupport/Errors.h
OSSupport/Event.h
OSSupport/File.h
OSSupport/GetAddressInfoError.h
OSSupport/GZipFile.h
OSSupport/HostnameLookup.h
OSSupport/IPLookup.h
OSSupport/IsThread.h
OSSupport/Network.h
OSSupport/NetworkLookup.h
OSSupport/NetworkSingleton.h
OSSupport/Queue.h
OSSupport/ServerHandleImpl.h
OSSupport/StackTrace.h
OSSupport/TCPLinkImpl.h
OSSupport/UDPEndpointImpl.h
OSSupport/WinStackWalker.h
HTTP/EnvelopeParser.cpp
HTTP/HTTPFormParser.cpp
HTTP/HTTPMessage.cpp
HTTP/HTTPMessageParser.cpp
HTTP/HTTPServer.cpp
HTTP/HTTPServerConnection.cpp
HTTP/MultipartParser.cpp
HTTP/NameValueParser.cpp
HTTP/SslHTTPServerConnection.cpp
HTTP/TransferEncodingParser.cpp
HTTP/UrlClient.cpp
HTTP/UrlParser.cpp
HTTP/EnvelopeParser.h
HTTP/HTTPFormParser.h
HTTP/HTTPMessage.h
HTTP/HTTPMessageParser.h
HTTP/HTTPServer.h
HTTP/HTTPServerConnection.h
HTTP/MultipartParser.h
HTTP/NameValueParser.h
HTTP/SslHTTPServerConnection.h
HTTP/TransferEncodingParser.h
HTTP/UrlClient.h
HTTP/UrlParser.h
Items/ItemHandler.cpp
Items/ItemArmor.h
Items/ItemBed.h
Items/ItemBigFlower.h
Items/ItemBoat.h
Items/ItemBottle.h
Items/ItemBow.h
Items/ItemBrewingStand.h
Items/ItemBucket.h
Items/ItemCake.h
Items/ItemCauldron.h
Items/ItemChest.h
Items/ItemCloth.h
Items/ItemComparator.h
Items/ItemDoor.h
Items/ItemDye.h
Items/ItemEmptyMap.h
Items/ItemFishingRod.h
Items/ItemFlowerPot.h
Items/ItemFood.h
Items/ItemGoldenApple.h
Items/ItemHandler.h
Items/ItemHoe.h
Items/ItemItemFrame.h
Items/ItemLeaves.h
Items/ItemLighter.h
Items/ItemLilypad.h
Items/ItemMap.h
Items/ItemMilk.h
Items/ItemMinecart.h
Items/ItemMobHead.h
Items/ItemNetherWart.h
Items/ItemPainting.h
Items/ItemPickaxe.h
Items/ItemPotion.h
Items/ItemPumpkin.h
Items/ItemRedstoneDust.h
Items/ItemRedstoneRepeater.h
Items/ItemSapling.h
Items/ItemSeeds.h
Items/ItemShears.h
Items/ItemShovel.h
Items/ItemSign.h
Items/ItemSlab.h
Items/ItemSpawnEgg.h
Items/ItemString.h
Items/ItemSugarcane.h
Items/ItemSword.h
Items/ItemThrowable.h
Items/ItemAxe.h
Blocks/BlockBed.cpp
Blocks/BlockDoor.cpp
Blocks/BlockHandler.cpp
Blocks/BlockPiston.cpp
Blocks/ChunkInterface.cpp
Blocks/BlockAnvil.h
Blocks/BlockBed.h
Blocks/BlockBigFlower.h
Blocks/BlockBrewingStand.h
Blocks/BlockButton.h
Blocks/BlockCactus.h
Blocks/BlockCake.h
Blocks/BlockCarpet.h
Blocks/BlockCauldron.h
Blocks/BlockChest.h
Blocks/BlockCloth.h
Blocks/BlockCobWeb.h
Blocks/BlockCocoaPod.h
Blocks/BlockCommandBlock.h
Blocks/BlockComparator.h
Blocks/BlockConcretePowder.h
Blocks/BlockCrops.h
Blocks/BlockDeadBush.h
Blocks/BlockDirt.h
Blocks/BlockDoor.h
Blocks/BlockDropSpenser.h
Blocks/BlockEnchantmentTable.h
Blocks/BlockEnderchest.h
Blocks/BlockEndPortalFrame.h
Blocks/BlockEntity.h
Blocks/BlockFarmland.h
Blocks/BlockFence.h
Blocks/BlockFenceGate.h
Blocks/BlockFire.h
Blocks/BlockFlower.h
Blocks/BlockFlowerPot.h
Blocks/BlockFluid.h
Blocks/BlockFurnace.h
Blocks/BlockGlass.h
Blocks/BlockGlowstone.h
Blocks/BlockGravel.h
Blocks/BlockHandler.h
Blocks/BlockHopper.h
Blocks/BlockIce.h
Blocks/BlockLadder.h
Blocks/BlockLeaves.h
Blocks/BlockLever.h
Blocks/BlockLilypad.h
Blocks/BlockMelon.h
Blocks/BlockMobHead.h
Blocks/BlockMobSpawner.h
Blocks/BlockMushroom.h
Blocks/BlockMycelium.h
Blocks/BlockNetherrack.h
Blocks/BlockNetherWart.h
Blocks/BlockOre.h
Blocks/BlockPiston.h
Blocks/BlockPlanks.h
Blocks/BlockPlant.h
Blocks/BlockPluginInterface.h
Blocks/BlockPortal.h
Blocks/BlockPressurePlate.h
Blocks/BlockPumpkin.h
Blocks/BlockQuartz.h
Blocks/BlockRail.h
Blocks/BlockRedstone.h
Blocks/BlockRedstoneLamp.h
Blocks/BlockRedstoneRepeater.h
Blocks/BlockRedstoneTorch.h
Blocks/BlockSand.h
Blocks/BlockSapling.h
Blocks/BlockSeaLantern.h
Blocks/BlockSideways.h
Blocks/BlockSignPost.h
Blocks/BlockSlab.h
Blocks/BlockSnow.h
Blocks/BlockStairs.h
Blocks/BlockStems.h
Blocks/BlockStone.h
Blocks/BlockSugarcane.h
Blocks/BlockTallGrass.h
Blocks/BlockTNT.h
Blocks/BlockTorch.h
Blocks/BlockTrapdoor.h
Blocks/BlockTripwire.h
Blocks/BlockTripwireHook.h
Blocks/BlockVine.h
Blocks/BlockWallSign.h
Blocks/BlockWorkbench.h
Blocks/BroadcastInterface.h
Blocks/ChunkInterface.h
Blocks/ClearMetaOnDrop.h
Blocks/GetHandlerCompileTimeTemplate.h
Blocks/MetaRotator.h
Blocks/WorldInterface.h
Protocol/Authenticator.cpp
Protocol/ChunkDataSerializer.cpp
Protocol/ForgeHandshake.cpp
Protocol/MojangAPI.cpp
Protocol/PacketID.cpp
Protocol/Packetizer.cpp
Protocol/Protocol_1_8.cpp
Protocol/Protocol_1_9.cpp
Protocol/Protocol_1_10.cpp
Protocol/Protocol_1_11.cpp
Protocol/Protocol_1_12.cpp
Protocol/ProtocolRecognizer.cpp
Protocol/Authenticator.h
Protocol/ChunkDataSerializer.h
Protocol/ForgeHandshake.h
Protocol/MojangAPI.h
Protocol/Packetizer.h
Protocol/Protocol.h
Protocol/Protocol_1_8.h
Protocol/Protocol_1_9.h
Protocol/Protocol_1_10.h
Protocol/Protocol_1_11.h
Protocol/Protocol_1_12.h
Protocol/ProtocolRecognizer.h
Generating/BioGen.cpp
Generating/Caves.cpp
Generating/ChunkDesc.cpp
Generating/ChunkGenerator.cpp
Generating/CompoGen.cpp
Generating/CompoGenBiomal.cpp
Generating/ComposableGenerator.cpp
Generating/DistortedHeightmap.cpp
Generating/DungeonRoomsFinisher.cpp
Generating/EndGen.cpp
Generating/FinishGen.cpp
Generating/GridStructGen.cpp
Generating/HeiGen.cpp
Generating/MineShafts.cpp
Generating/Noise3DGenerator.cpp
Generating/PieceGeneratorBFSTree.cpp
Generating/PiecePool.cpp
Generating/PieceStructuresGen.cpp
Generating/Prefab.cpp
Generating/PrefabPiecePool.cpp
Generating/PrefabStructure.cpp
Generating/Ravines.cpp
Generating/RoughRavines.cpp
Generating/StructGen.cpp
Generating/Trees.cpp
Generating/TwoHeights.cpp
Generating/VerticalLimit.cpp
Generating/VerticalStrategy.cpp
Generating/VillageGen.cpp
Generating/BioGen.h
Generating/Caves.h
Generating/ChunkDesc.h
Generating/ChunkGenerator.h
Generating/CompoGen.h
Generating/CompoGenBiomal.h
Generating/ComposableGenerator.h
Generating/CompositedHeiGen.h
Generating/DistortedHeightmap.h
Generating/DungeonRoomsFinisher.h
Generating/EndGen.h
Generating/FinishGen.h
Generating/GridStructGen.h
Generating/HeiGen.h
Generating/IntGen.h
Generating/MineShafts.h
Generating/Noise3DGenerator.h
Generating/PieceGeneratorBFSTree.h
Generating/PiecePool.h
Generating/PieceStructuresGen.h
Generating/Prefab.h
Generating/PrefabPiecePool.h
Generating/PrefabStructure.h
Generating/ProtIntGen.h
Generating/Ravines.h
Generating/RoughRavines.h
Generating/ShapeGen.cpp
Generating/StructGen.h
Generating/Trees.h
Generating/TwoHeights.h
Generating/VerticalLimit.h
Generating/VerticalStrategy.h
Generating/VillageGen.h
mbedTLS++/AesCfb128Decryptor.cpp
mbedTLS++/AesCfb128Encryptor.cpp
mbedTLS++/BlockingSslClientSocket.cpp
mbedTLS++/BufferedSslContext.cpp
mbedTLS++/CallbackSslContext.cpp
mbedTLS++/CtrDrbgContext.cpp
mbedTLS++/CryptoKey.cpp
mbedTLS++/EntropyContext.cpp
mbedTLS++/RsaPrivateKey.cpp
mbedTLS++/Sha1Checksum.cpp
mbedTLS++/SslConfig.cpp
mbedTLS++/SslContext.cpp
mbedTLS++/X509Cert.cpp
mbedTLS++/AesCfb128Decryptor.h
mbedTLS++/AesCfb128Encryptor.h
mbedTLS++/BlockingSslClientSocket.h
mbedTLS++/BufferedSslContext.h
mbedTLS++/CallbackSslContext.h
mbedTLS++/CtrDrbgContext.h
mbedTLS++/CryptoKey.h
mbedTLS++/EntropyContext.h
mbedTLS++/ErrorCodes.h
mbedTLS++/RsaPrivateKey.h
mbedTLS++/SslConfig.h
mbedTLS++/SslContext.h
mbedTLS++/Sha1Checksum.h
mbedTLS++/X509Cert.h
Bindings/Bindings.cpp
Bindings/DeprecatedBindings.cpp
Bindings/LuaChunkStay.cpp
Bindings/LuaJson.cpp
Bindings/LuaNameLookup.cpp
Bindings/LuaServerHandle.cpp
Bindings/LuaState.cpp
Bindings/LuaState_Implementation.cpp
Bindings/LuaTCPLink.cpp
Bindings/LuaUDPEndpoint.cpp
Bindings/LuaWindow.cpp
Bindings/ManualBindings.cpp
Bindings/ManualBindings_BlockArea.cpp
Bindings/ManualBindings_Network.cpp
Bindings/ManualBindings_RankManager.cpp
Bindings/ManualBindings_World.cpp
Bindings/Plugin.cpp
Bindings/PluginLua.cpp
Bindings/PluginManager.cpp
Bindings/Bindings.h
Bindings/DeprecatedBindings.h
Bindings/LuaChunkStay.h
Bindings/LuaFunctions.h
Bindings/LuaJson.h
Bindings/LuaNameLookup.h
Bindings/LuaServerHandle.h
Bindings/LuaState.h
Bindings/LuaState_Declaration.inc
Bindings/LuaState_Typedefs.inc
Bindings/LuaTCPLink.h
Bindings/LuaUDPEndpoint.h
Bindings/LuaWindow.h
Bindings/ManualBindings.h
Bindings/Plugin.h
Bindings/PluginLua.h
Bindings/PluginManager.h
Bindings/tolua++.h
WorldStorage/EnchantmentSerializer.cpp
WorldStorage/FastNBT.cpp
WorldStorage/FireworksSerializer.cpp
WorldStorage/MapSerializer.cpp
WorldStorage/NBTChunkSerializer.cpp
WorldStorage/SchematicFileSerializer.cpp
WorldStorage/ScoreboardSerializer.cpp
WorldStorage/StatSerializer.cpp
WorldStorage/WSSAnvil.cpp
WorldStorage/WorldStorage.cpp
WorldStorage/EnchantmentSerializer.h
WorldStorage/FastNBT.h
WorldStorage/FireworksSerializer.h
WorldStorage/MapSerializer.h
WorldStorage/NBTChunkSerializer.h
WorldStorage/SchematicFileSerializer.h
WorldStorage/ScoreboardSerializer.h
WorldStorage/StatSerializer.h
WorldStorage/WSSAnvil.h
WorldStorage/WorldStorage.h
Mobs/AggressiveMonster.cpp
Mobs/Bat.cpp
Mobs/Blaze.cpp
Mobs/CaveSpider.cpp
Mobs/Chicken.cpp
Mobs/Cow.cpp
Mobs/Creeper.cpp
Mobs/EnderDragon.cpp
Mobs/Enderman.cpp
Mobs/Ghast.cpp
Mobs/Giant.cpp
Mobs/Guardian.cpp
Mobs/Horse.cpp
Mobs/IronGolem.cpp
Mobs/MagmaCube.cpp
Mobs/Monster.cpp
Mobs/Mooshroom.cpp
Mobs/Ocelot.cpp
Mobs/PassiveAggressiveMonster.cpp
Mobs/PassiveMonster.cpp
Mobs/Path.cpp
Mobs/PathFinder.cpp
Mobs/Pig.cpp
Mobs/Rabbit.cpp
Mobs/Sheep.cpp
Mobs/Skeleton.cpp
Mobs/Slime.cpp
Mobs/SnowGolem.cpp
Mobs/Spider.cpp
Mobs/Squid.cpp
Mobs/Villager.cpp
Mobs/Witch.cpp
Mobs/Wither.cpp
Mobs/Wolf.cpp
Mobs/Zombie.cpp
Mobs/ZombiePigman.cpp
Mobs/AggressiveMonster.h
Mobs/Bat.h
Mobs/Blaze.h
Mobs/CaveSpider.h
Mobs/Chicken.h
Mobs/Cow.h
Mobs/Creeper.h
Mobs/EnderDragon.h
Mobs/Enderman.h
Mobs/Ghast.h
Mobs/Giant.h
Mobs/Guardian.h
Mobs/Horse.h
Mobs/IncludeAllMonsters.h
Mobs/IronGolem.h
Mobs/MagmaCube.h
Mobs/Monster.h
Mobs/MonsterTypes.h
Mobs/Mooshroom.h
Mobs/Ocelot.h
Mobs/PassiveAggressiveMonster.h
Mobs/PassiveMonster.h
Mobs/Path.h
Mobs/PathFinder.h
Mobs/Pig.h
Mobs/Rabbit.h
Mobs/Sheep.h
Mobs/Silverfish.h
Mobs/Skeleton.h
Mobs/Slime.h
Mobs/SnowGolem.h
Mobs/Spider.h
Mobs/Squid.h
Mobs/Villager.h
Mobs/Witch.h
Mobs/Wither.h
Mobs/Wolf.h
Mobs/Zombie.h
Mobs/ZombiePigman.h
Entities/ArrowEntity.cpp
Entities/Boat.cpp
Entities/EnderCrystal.cpp
Entities/Entity.cpp
Entities/EntityEffect.cpp
Entities/ExpBottleEntity.cpp
Entities/ExpOrb.cpp
Entities/FallingBlock.cpp
Entities/FireChargeEntity.cpp
Entities/FireworkEntity.cpp
Entities/Floater.cpp
Entities/GhastFireballEntity.cpp
Entities/HangingEntity.cpp
Entities/ItemFrame.cpp
Entities/LeashKnot.cpp
Entities/Minecart.cpp
Entities/Painting.cpp
Entities/Pawn.cpp
Entities/Pickup.cpp
Entities/Player.cpp
Entities/ProjectileEntity.cpp
Entities/SplashPotionEntity.cpp
Entities/TNTEntity.cpp
Entities/ThrownEggEntity.cpp
Entities/ThrownEnderPearlEntity.cpp
Entities/ThrownSnowballEntity.cpp
Entities/WitherSkullEntity.cpp
Entities/ArrowEntity.h
Entities/Boat.h
Entities/EnderCrystal.h
Entities/Entity.h
Entities/EntityEffect.h
Entities/ExpBottleEntity.h
Entities/ExpOrb.h
Entities/FallingBlock.h
Entities/FireChargeEntity.h
Entities/FireworkEntity.h
Entities/Floater.h
Entities/GhastFireballEntity.h
Entities/HangingEntity.h
Entities/ItemFrame.h
Entities/LeashKnot.h
Entities/Minecart.h
Entities/Painting.h
Entities/Pawn.h
Entities/Pickup.h
Entities/Player.h
Entities/ProjectileEntity.h
Entities/SplashPotionEntity.h
Entities/TNTEntity.h
Entities/ThrownEggEntity.h
Entities/ThrownEnderPearlEntity.h
Entities/ThrownSnowballEntity.h
Entities/WitherSkullEntity.h
Simulator/DelayedFluidSimulator.cpp
Simulator/FireSimulator.cpp
Simulator/FloodyFluidSimulator.cpp
Simulator/FluidSimulator.cpp
Simulator/SandSimulator.cpp
Simulator/Simulator.cpp
Simulator/SimulatorManager.cpp
Simulator/VanillaFluidSimulator.cpp
Simulator/VaporizeFluidSimulator.cpp
Simulator/DelayedFluidSimulator.h
Simulator/FireSimulator.h
Simulator/FloodyFluidSimulator.h
Simulator/FluidSimulator.h
Simulator/NoopFluidSimulator.h
Simulator/NoopRedstoneSimulator.h
Simulator/RedstoneSimulator.h
Simulator/SandSimulator.h
Simulator/Simulator.h
Simulator/SimulatorManager.h
Simulator/VanillaFluidSimulator.h
Simulator/VaporizeFluidSimulator.h
Simulator/IncrementalRedstoneSimulator/IncrementalRedstoneSimulator.cpp
Simulator/IncrementalRedstoneSimulator/CommandBlockHandler.h
Simulator/IncrementalRedstoneSimulator/DoorHandler.h
Simulator/IncrementalRedstoneSimulator/DropSpenserHandler.h
Simulator/IncrementalRedstoneSimulator/IncrementalRedstoneSimulator.h
Simulator/IncrementalRedstoneSimulator/RedstoneHandler.h
Simulator/IncrementalRedstoneSimulator/RedstoneSimulatorChunkData.h
Simulator/IncrementalRedstoneSimulator/SolidBlockHandler.h
Simulator/IncrementalRedstoneSimulator/RedstoneComparatorHandler.h
Simulator/IncrementalRedstoneSimulator/RedstoneRepeaterHandler.h
Simulator/IncrementalRedstoneSimulator/RedstoneBlockHandler.h
Simulator/IncrementalRedstoneSimulator/RedstoneTorchHandler.h
Simulator/IncrementalRedstoneSimulator/RedstoneWireHandler.h
Simulator/IncrementalRedstoneSimulator/RedstoneLampHandler.h
Simulator/IncrementalRedstoneSimulator/RedstoneToggleHandler.h
Simulator/IncrementalRedstoneSimulator/PistonHandler.h
Simulator/IncrementalRedstoneSimulator/SmallGateHandler.h
Simulator/IncrementalRedstoneSimulator/NoteBlockHandler.h
Simulator/IncrementalRedstoneSimulator/TNTHandler.h
Simulator/IncrementalRedstoneSimulator/TrappedChestHandler.h
Simulator/IncrementalRedstoneSimulator/TripwireHookHandler.h
Simulator/IncrementalRedstoneSimulator/PoweredRailHandler.h
Simulator/IncrementalRedstoneSimulator/PressurePlateHandler.h
BlockEntities/BeaconEntity.cpp
BlockEntities/BedEntity.cpp
BlockEntities/BlockEntity.cpp
BlockEntities/BlockEntityWithItems.cpp
BlockEntities/BrewingstandEntity.cpp
BlockEntities/ChestEntity.cpp
BlockEntities/CommandBlockEntity.cpp
BlockEntities/DispenserEntity.cpp
BlockEntities/DropSpenserEntity.cpp
BlockEntities/DropperEntity.cpp
BlockEntities/EnderChestEntity.cpp
BlockEntities/FlowerPotEntity.cpp
BlockEntities/FurnaceEntity.cpp
BlockEntities/HopperEntity.cpp
BlockEntities/JukeboxEntity.cpp
BlockEntities/MobHeadEntity.cpp
BlockEntities/MobSpawnerEntity.cpp
BlockEntities/NoteEntity.cpp
BlockEntities/SignEntity.cpp
BlockEntities/BeaconEntity.h
BlockEntities/BedEntity.h
BlockEntities/BlockEntity.h
BlockEntities/BlockEntityWithItems.h
BlockEntities/BrewingstandEntity.h
BlockEntities/ChestEntity.h
BlockEntities/CommandBlockEntity.h
BlockEntities/DispenserEntity.h
BlockEntities/DropSpenserEntity.h
BlockEntities/DropperEntity.h
BlockEntities/EnderChestEntity.h
BlockEntities/FlowerPotEntity.h
BlockEntities/FurnaceEntity.h
BlockEntities/HopperEntity.h
BlockEntities/JukeboxEntity.h
BlockEntities/MobHeadEntity.h
BlockEntities/MobSpawnerEntity.h
BlockEntities/NoteEntity.h
BlockEntities/SignEntity.h
UI/SlotArea.cpp
UI/Window.cpp
UI/AnvilWindow.cpp
UI/BeaconWindow.cpp
UI/BrewingstandWindow.cpp
UI/ChestWindow.cpp
UI/CraftingWindow.cpp
UI/DropSpenserWindow.cpp
UI/EnchantingWindow.cpp
UI/EnderChestWindow.cpp
UI/FurnaceWindow.cpp
UI/HopperWindow.cpp
UI/HorseWindow.cpp
UI/InventoryWindow.cpp
UI/SlotArea.h
UI/Window.h
UI/AnvilWindow.h
UI/BeaconWindow.h
UI/BrewingstandWindow.h
UI/ChestWindow.h
UI/CraftingWindow.h
UI/DropSpenserWindow.h
UI/EnchantingWindow.h
UI/EnderChestWindow.h
UI/FurnaceWindow.h
UI/HopperWindow.h
UI/HorseWindow.h
UI/InventoryWindow.h
UI/MinecartWithChestWindow.h
UI/WindowOwner.h
Noise/Noise.cpp
Noise/InterpolNoise.h
Noise/Noise.h
Noise/OctavedNoise.h
Noise/RidgedNoise.h
